Already up to date
Done in 483ms using pnpm v11.7.0
$ next dev
▲ Next.js 16.2.9 (Turbopack)
- Local:         http://localhost:3000
- Network:       http://192.168.201.105:3000
- Environments: .env
✓ Ready in 512ms
- Experiments (use with caution):
  · clientTraceMetadata

 GET / 200 in 770ms (next.js: 197ms, application-code: 573ms)
prisma:query SELECT "public"."heroes"."id", "public"."heroes"."hero_id", "public"."heroes"."name_ko", "public"."heroes"."name_en", "public"."heroes"."role"::text, "public"."heroes"."difficulty", "public"."heroes"."image_url", "public"."heroes"."created_at", "public"."heroes"."updated_at" FROM "public"."heroes" WHERE 1=1 ORDER BY "public"."heroes"."role" ASC, "public"."heroes"."name_ko" ASC OFFSET $1
prisma:query SELECT "public"."hero_changes"."id", "public"."hero_changes"."impact_level"::text, "public"."hero_changes"."patch_note_id", "public"."hero_changes"."hero_id" FROM "public"."hero_changes" WHERE "public"."hero_changes"."hero_id" IN ($1,$2,$3,$4,$5,$6,$7,$8,$9,$10,$11,$12,$13,$14,$15,$16,$17,$18,$19,$20,$21,$22,$23,$24,$25,$26,$27,$28,$29,$30,$31,$32,$33,$34,$35,$36,$37,$38,$39,$40,$41,$42,$43,$44,$45,$46,$47,$48,$49,$50,$51,$52) OFFSET $53
prisma:query SELECT "public"."patch_notes"."id", "public"."patch_notes"."patch_date" FROM "public"."patch_notes" WHERE "public"."patch_notes"."id" IN ($1,$2,$3,$4,$5) OFFSET $6
 GET /api/heroes 200 in 750ms (next.js: 269ms, application-code: 482ms)
 GET / 200 in 55ms (next.js: 5ms, application-code: 50ms)
prisma:query SELECT "public"."patch_notes"."id", "public"."patch_notes"."patch_id", "public"."patch_notes"."title", "public"."patch_notes"."patch_date", "public"."patch_notes"."source_url", "public"."patch_notes"."raw_content", "public"."patch_notes"."overall_summary", "public"."patch_notes"."meta_summary", "public"."patch_notes"."created_at", "public"."patch_notes"."updated_at" FROM "public"."patch_notes" WHERE 1=1 ORDER BY "public"."patch_notes"."patch_date" DESC OFFSET $1
prisma:query SELECT "public"."hero_changes"."id", "public"."hero_changes"."impact_level"::text, "public"."hero_changes"."patch_note_id" FROM "public"."hero_changes" WHERE "public"."hero_changes"."patch_note_id" IN ($1) OFFSET $2
 GET /api/patches 200 in 137ms (next.js: 30ms, application-code: 106ms)
prisma:query SELECT "public"."patch_notes"."id", "public"."patch_notes"."patch_id", "public"."patch_notes"."title", "public"."patch_notes"."patch_date", "public"."patch_notes"."source_url", "public"."patch_notes"."raw_content", "public"."patch_notes"."overall_summary", "public"."patch_notes"."meta_summary", "public"."patch_notes"."created_at", "public"."patch_notes"."updated_at" FROM "public"."patch_notes" WHERE 1=1 ORDER BY "public"."patch_notes"."patch_date" DESC OFFSET $1
prisma:query SELECT "public"."hero_changes"."id", "public"."hero_changes"."change_id", "public"."hero_changes"."patch_note_id", "public"."hero_changes"."hero_id", "public"."hero_changes"."change_type"::text, "public"."hero_changes"."impact_level"::text, "public"."hero_changes"."original_change", "public"."hero_changes"."simple_summary", "public"."hero_changes"."meta_impact", "public"."hero_changes"."recommended_playstyle", "public"."hero_changes"."created_at", "public"."hero_changes"."updated_at" FROM "public"."hero_changes" LEFT JOIN "public"."heroes" AS "orderby_1" ON ("orderby_1"."id") = ("public"."hero_changes"."hero_id") WHERE "public"."hero_changes"."patch_note_id" IN ($1) ORDER BY "public"."hero_changes"."impact_level" DESC, "orderby_1"."name_ko" ASC OFFSET $2
prisma:query SELECT "public"."heroes"."id", "public"."heroes"."hero_id", "public"."heroes"."name_ko", "public"."heroes"."name_en", "public"."heroes"."role"::text, "public"."heroes"."difficulty", "public"."heroes"."image_url", "public"."heroes"."created_at", "public"."heroes"."updated_at" FROM "public"."heroes" WHERE "public"."heroes"."id" IN ($1,$2,$3,$4,$5) OFFSET $6
 GET /api/meta-timeline 200 in 412ms (next.js: 62ms, application-code: 350ms)
prisma:query SELECT "public"."patch_notes"."id", "public"."patch_notes"."patch_id", "public"."patch_notes"."title", "public"."patch_notes"."patch_date", "public"."patch_notes"."source_url", "public"."patch_notes"."raw_content", "public"."patch_notes"."overall_summary", "public"."patch_notes"."meta_summary", "public"."patch_notes"."created_at", "public"."patch_notes"."updated_at" FROM "public"."patch_notes" WHERE ("public"."patch_notes"."patch_id" = $1 AND 1=1) LIMIT $2 OFFSET $3
prisma:query SELECT "public"."hero_changes"."id", "public"."hero_changes"."change_id", "public"."hero_changes"."patch_note_id", "public"."hero_changes"."hero_id", "public"."hero_changes"."change_type"::text, "public"."hero_changes"."impact_level"::text, "public"."hero_changes"."original_change", "public"."hero_changes"."simple_summary", "public"."hero_changes"."meta_impact", "public"."hero_changes"."recommended_playstyle", "public"."hero_changes"."created_at", "public"."hero_changes"."updated_at" FROM "public"."hero_changes" LEFT JOIN "public"."heroes" AS "orderby_1" ON ("orderby_1"."id") = ("public"."hero_changes"."hero_id") WHERE "public"."hero_changes"."patch_note_id" = $1 ORDER BY "orderby_1"."name_ko" ASC OFFSET $2
prisma:query SELECT "public"."heroes"."id", "public"."heroes"."hero_id", "public"."heroes"."name_ko", "public"."heroes"."name_en", "public"."heroes"."role"::text, "public"."heroes"."difficulty", "public"."heroes"."image_url", "public"."heroes"."created_at", "public"."heroes"."updated_at" FROM "public"."heroes" WHERE "public"."heroes"."id" IN ($1,$2,$3,$4,$5) OFFSET $6
prisma:query SELECT "public"."affected_tiers"."id", "public"."affected_tiers"."hero_change_id", "public"."affected_tiers"."tier", "public"."affected_tiers"."reason" FROM "public"."affected_tiers" WHERE "public"."affected_tiers"."hero_change_id" IN ($1,$2,$3,$4,$5) OFFSET $6
prisma:query SELECT "public"."hero_synergies"."id", "public"."hero_synergies"."hero_change_id", "public"."hero_synergies"."target_hero_id", "public"."hero_synergies"."reason" FROM "public"."hero_synergies" WHERE "public"."hero_synergies"."hero_change_id" IN ($1,$2,$3,$4,$5) OFFSET $6
prisma:query SELECT "public"."heroes"."id", "public"."heroes"."hero_id", "public"."heroes"."name_ko", "public"."heroes"."name_en", "public"."heroes"."role"::text, "public"."heroes"."difficulty", "public"."heroes"."image_url", "public"."heroes"."created_at", "public"."heroes"."updated_at" FROM "public"."heroes" WHERE "public"."heroes"."id" IN ($1,$2,$3,$4,$5,$6,$7,$8,$9,$10) OFFSET $11
prisma:query SELECT "public"."hero_counters"."id", "public"."hero_counters"."hero_change_id", "public"."hero_counters"."target_hero_id", "public"."hero_counters"."reason" FROM "public"."hero_counters" WHERE "public"."hero_counters"."hero_change_id" IN ($1,$2,$3,$4,$5) OFFSET $6
prisma:query SELECT "public"."heroes"."id", "public"."heroes"."hero_id", "public"."heroes"."name_ko", "public"."heroes"."name_en", "public"."heroes"."role"::text, "public"."heroes"."difficulty", "public"."heroes"."image_url", "public"."heroes"."created_at", "public"."heroes"."updated_at" FROM "public"."heroes" WHERE "public"."heroes"."id" IN ($1,$2,$3,$4,$5,$6,$7,$8,$9,$10) OFFSET $11
 GET /api/patches/ow2-2026-07-30-overwatch-retail-patch-notes-july-30-2026 200 in 1246ms (next.js: 852ms, application-code: 393ms)
 GET /heroes/domina 200 in 617ms (next.js: 509ms, application-code: 108ms)
prisma:query SELECT "public"."heroes"."id", "public"."heroes"."hero_id", "public"."heroes"."name_ko", "public"."heroes"."name_en", "public"."heroes"."role"::text, "public"."heroes"."difficulty", "public"."heroes"."image_url", "public"."heroes"."created_at", "public"."heroes"."updated_at" FROM "public"."heroes" WHERE ("public"."heroes"."hero_id" = $1 AND 1=1) LIMIT $2 OFFSET $3
prisma:query SELECT "public"."hero_changes"."id", "public"."hero_changes"."change_id", "public"."hero_changes"."patch_note_id", "public"."hero_changes"."hero_id", "public"."hero_changes"."change_type"::text, "public"."hero_changes"."impact_level"::text, "public"."hero_changes"."original_change", "public"."hero_changes"."simple_summary", "public"."hero_changes"."meta_impact", "public"."hero_changes"."recommended_playstyle", "public"."hero_changes"."created_at", "public"."hero_changes"."updated_at" FROM "public"."hero_changes" WHERE "public"."hero_changes"."hero_id" = $1 OFFSET $2
prisma:query SELECT "public"."affected_tiers"."id", "public"."affected_tiers"."hero_change_id", "public"."affected_tiers"."tier", "public"."affected_tiers"."reason" FROM "public"."affected_tiers" WHERE "public"."affected_tiers"."hero_change_id" IN ($1) OFFSET $2
prisma:query SELECT "public"."hero_counters"."id", "public"."hero_counters"."hero_change_id", "public"."hero_counters"."target_hero_id", "public"."hero_counters"."reason" FROM "public"."hero_counters" WHERE "public"."hero_counters"."hero_change_id" IN ($1) OFFSET $2
prisma:query SELECT "public"."hero_synergies"."id", "public"."hero_synergies"."hero_change_id", "public"."hero_synergies"."target_hero_id", "public"."hero_synergies"."reason" FROM "public"."hero_synergies" WHERE "public"."hero_synergies"."hero_change_id" IN ($1) OFFSET $2
prisma:query SELECT "public"."patch_notes"."id", "public"."patch_notes"."patch_id", "public"."patch_notes"."title", "public"."patch_notes"."patch_date", "public"."patch_notes"."source_url", "public"."patch_notes"."raw_content", "public"."patch_notes"."overall_summary", "public"."patch_notes"."meta_summary", "public"."patch_notes"."created_at", "public"."patch_notes"."updated_at" FROM "public"."patch_notes" WHERE "public"."patch_notes"."id" IN ($1) OFFSET $2
prisma:query SELECT "public"."heroes"."id", "public"."heroes"."hero_id", "public"."heroes"."name_ko", "public"."heroes"."name_en", "public"."heroes"."role"::text, "public"."heroes"."difficulty", "public"."heroes"."image_url", "public"."heroes"."created_at", "public"."heroes"."updated_at" FROM "public"."heroes" WHERE "public"."heroes"."id" IN ($1,$2) OFFSET $3
prisma:query SELECT "public"."heroes"."id", "public"."heroes"."hero_id", "public"."heroes"."name_ko", "public"."heroes"."name_en", "public"."heroes"."role"::text, "public"."heroes"."difficulty", "public"."heroes"."image_url", "public"."heroes"."created_at", "public"."heroes"."updated_at" FROM "public"."heroes" WHERE "public"."heroes"."id" IN ($1,$2) OFFSET $3
 GET /api/heroes/domina 200 in 960ms (next.js: 751ms, application-code: 208ms)
 GET /admin/heroes 200 in 116ms (next.js: 24ms, application-code: 92ms)
prisma:query SELECT "public"."heroes"."id", "public"."heroes"."hero_id", "public"."heroes"."name_ko", "public"."heroes"."name_en", "public"."heroes"."role"::text, "public"."heroes"."difficulty", "public"."heroes"."image_url", "public"."heroes"."created_at", "public"."heroes"."updated_at" FROM "public"."heroes" WHERE 1=1 ORDER BY "public"."heroes"."role" ASC, "public"."heroes"."name_ko" ASC OFFSET $1
 GET /api/admin/heroes 200 in 85ms (next.js: 29ms, application-code: 56ms)
 GET /admin/patch-notes 200 in 105ms (next.js: 23ms, application-code: 82ms)
prisma:query SELECT "public"."heroes"."id", "public"."heroes"."hero_id", "public"."heroes"."name_ko", "public"."heroes"."name_en", "public"."heroes"."role"::text, "public"."heroes"."difficulty", "public"."heroes"."image_url", "public"."heroes"."created_at", "public"."heroes"."updated_at" FROM "public"."heroes" WHERE 1=1 ORDER BY "public"."heroes"."role" ASC, "public"."heroes"."name_ko" ASC OFFSET $1
prisma:query SELECT "public"."hero_changes"."id", "public"."hero_changes"."impact_level"::text, "public"."hero_changes"."patch_note_id", "public"."hero_changes"."hero_id" FROM "public"."hero_changes" WHERE "public"."hero_changes"."hero_id" IN ($1,$2,$3,$4,$5,$6,$7,$8,$9,$10,$11,$12,$13,$14,$15,$16,$17,$18,$19,$20,$21,$22,$23,$24,$25,$26,$27,$28,$29,$30,$31,$32,$33,$34,$35,$36,$37,$38,$39,$40,$41,$42,$43,$44,$45,$46,$47,$48,$49,$50,$51,$52) OFFSET $53
prisma:query SELECT "public"."patch_notes"."id", "public"."patch_notes"."patch_date" FROM "public"."patch_notes" WHERE "public"."patch_notes"."id" IN ($1,$2,$3,$4,$5) OFFSET $6
 GET /api/heroes 200 in 181ms (next.js: 4ms, application-code: 177ms)
prisma:query SELECT "public"."patch_imports"."id", "public"."patch_imports"."source_url", "public"."patch_imports"."title", "public"."patch_imports"."patch_date", "public"."patch_imports"."raw_html", "public"."patch_imports"."raw_text", "public"."patch_imports"."content_hash", "public"."patch_imports"."status"::text, "public"."patch_imports"."error_message", "public"."patch_imports"."imported_at", "public"."patch_imports"."parsed_at", "public"."patch_imports"."applied_at", "public"."patch_imports"."created_at", "public"."patch_imports"."updated_at", COALESCE("aggr_selection_0_PatchChangeStaging"."_aggr_count_stagedChanges", 0) AS "_aggr_count_stagedChanges" FROM "public"."patch_imports" LEFT JOIN (SELECT "public"."patch_change_staging"."patch_import_id", COUNT(*) AS "_aggr_count_stagedChanges" FROM "public"."patch_change_staging" WHERE 1=1 GROUP BY "public"."patch_change_staging"."patch_import_id") AS "aggr_selection_0_PatchChangeStaging" ON ("public"."patch_imports"."id" = "aggr_selection_0_PatchChangeStaging"."patch_import_id") WHERE 1=1 ORDER BY "public"."patch_imports"."imported_at" DESC LIMIT $1 OFFSET $2
prisma:query SELECT "public"."patch_change_staging"."id", "public"."patch_change_staging"."status"::text, "public"."patch_change_staging"."patch_import_id" FROM "public"."patch_change_staging" WHERE "public"."patch_change_staging"."patch_import_id" IN ($1,$2) OFFSET $3
 GET /api/admin/patch-notes 200 in 306ms (next.js: 126ms, application-code: 180ms)
prisma:query SELECT "public"."patch_imports"."id", "public"."patch_imports"."source_url", "public"."patch_imports"."title", "public"."patch_imports"."patch_date", "public"."patch_imports"."raw_html", "public"."patch_imports"."raw_text", "public"."patch_imports"."content_hash", "public"."patch_imports"."status"::text, "public"."patch_imports"."error_message", "public"."patch_imports"."imported_at", "public"."patch_imports"."parsed_at", "public"."patch_imports"."applied_at", "public"."patch_imports"."created_at", "public"."patch_imports"."updated_at" FROM "public"."patch_imports" WHERE ("public"."patch_imports"."id" = $1 AND 1=1) LIMIT $2 OFFSET $3
prisma:query SELECT "public"."patch_change_staging"."id", "public"."patch_change_staging"."patch_import_id", "public"."patch_change_staging"."hero_id", "public"."patch_change_staging"."hero_name_raw", "public"."patch_change_staging"."ability_name", "public"."patch_change_staging"."change_type"::text, "public"."patch_change_staging"."impact_level"::text, "public"."patch_change_staging"."original_change", "public"."patch_change_staging"."simple_summary", "public"."patch_change_staging"."meta_impact", "public"."patch_change_staging"."recommended_playstyle", "public"."patch_change_staging"."parsed_payload", "public"."patch_change_staging"."confidence", "public"."patch_change_staging"."status"::text, "public"."patch_change_staging"."reviewer_note", "public"."patch_change_staging"."reviewed_at", "public"."patch_change_staging"."applied_hero_change_id", "public"."patch_change_staging"."created_at", "public"."patch_change_staging"."updated_at" FROM "public"."patch_change_staging" WHERE "public"."patch_change_staging"."patch_import_id" = $1 ORDER BY "public"."patch_change_staging"."created_at" ASC OFFSET $2
prisma:query SELECT "public"."heroes"."id", "public"."heroes"."hero_id", "public"."heroes"."name_ko", "public"."heroes"."name_en", "public"."heroes"."role"::text, "public"."heroes"."difficulty", "public"."heroes"."image_url", "public"."heroes"."created_at", "public"."heroes"."updated_at" FROM "public"."heroes" WHERE "public"."heroes"."id" IN ($1) OFFSET $2
prisma:query SELECT "public"."patch_staging_relations"."id", "public"."patch_staging_relations"."staging_change_id", "public"."patch_staging_relations"."relation_type", "public"."patch_staging_relations"."value", "public"."patch_staging_relations"."target_hero_id", "public"."patch_staging_relations"."reason", "public"."patch_staging_relations"."created_at" FROM "public"."patch_staging_relations" WHERE "public"."patch_staging_relations"."staging_change_id" IN ($1) OFFSET $2
prisma:query SELECT "public"."heroes"."id", "public"."heroes"."hero_id", "public"."heroes"."name_ko", "public"."heroes"."name_en", "public"."heroes"."role"::text, "public"."heroes"."difficulty", "public"."heroes"."image_url", "public"."heroes"."created_at", "public"."heroes"."updated_at" FROM "public"."heroes" WHERE "public"."heroes"."id" IN ($1) OFFSET $2
 GET /api/admin/patch-notes/cmshswjqz0000lo6xo87j15h3 200 in 1714ms (next.js: 1479ms, application-code: 235ms)
